// Jest Snapshot v1, https://goo.gl/fbAQLP

exports[`<H2 /> Should render and match the snapshot 1`] = `
<h3
  class="H3-sc-1nwhpi5-0 dWPUMg"
/>
`;
