// Jest Snapshot v1, https://goo.gl/fbAQLP

exports[`<HomePage /> should render and match the snapshot 1`] = `
<div
  class="HomePage__Wrapper-i81cdn-0 dIOkee"
>
  <h1
    class="H1-tncdg6-0 kWlXoI"
  >
    <span>
      Check out our latest strings!
    </span>
  </h1>
  <h3
    class="H3-sc-1nwhpi5-0 dQPBtj"
  >
    <span>
      Limited time only... Add your own string!
    </span>
  </h3>
</div>
`;
