// Jest Snapshot v1, https://goo.gl/fbAQLP

exports[`<FormNotification /> should render and match the snapshot 1`] = `null`;
